// Jest Snapshot v1, https://goo.gl/fbAQLP

exports[`Characters renders all characters 1`] = `
Object {
  "asFragment": [Function],
  "baseElement": <body>
    <div>
      <ul
        aria-label="characters"
      >
        <li>
          <a
            href="/detail/undefined"
          >
            <fieldset>
              <img
                alt="46th Earth King"
                src="https://vignette.wikia.nocookie.net/avatar/images/5/51/46th_Earth_King.png/revision/latest?cb=20130627160441"
              />
              <p>
                46th Earth King
              </p>
            </fieldset>
          </a>
        </li>
        <li>
          <a
            href="/detail/undefined"
          >
            <fieldset>
              <img
                alt="Aang (games)"
                src="https://vignette.wikia.nocookie.net/avatar/images/2/21/Into_The_Inferno_Aang.png/revision/latest?cb=20131009060746"
              />
              <p>
                Aang (games)
              </p>
            </fieldset>
          </a>
        </li>
      </ul>
    </div>
  </body>,
  "container": <div>
    <ul
      aria-label="characters"
    >
      <li>
        <a
          href="/detail/undefined"
        >
          <fieldset>
            <img
              alt="46th Earth King"
              src="https://vignette.wikia.nocookie.net/avatar/images/5/51/46th_Earth_King.png/revision/latest?cb=20130627160441"
            />
            <p>
              46th Earth King
            </p>
          </fieldset>
        </a>
      </li>
      <li>
        <a
          href="/detail/undefined"
        >
          <fieldset>
            <img
              alt="Aang (games)"
              src="https://vignette.wikia.nocookie.net/avatar/images/2/21/Into_The_Inferno_Aang.png/revision/latest?cb=20131009060746"
            />
            <p>
              Aang (games)
            </p>
          </fieldset>
        </a>
      </li>
    </ul>
  </div>,
  "debug": [Function],
  "findAllByAltText": [Function],
  "findAllByDisplayValue": [Function],
  "findAllByLabelText": [Function],
  "findAllByPlaceholderText": [Function],
  "findAllByRole": [Function],
  "findAllByTestId": [Function],
  "findAllByText": [Function],
  "findAllByTitle": [Function],
  "findByAltText": [Function],
  "findByDisplayValue": [Function],
  "findByLabelText": [Function],
  "findByPlaceholderText": [Function],
  "findByRole": [Function],
  "findByTestId": [Function],
  "findByText": [Function],
  "findByTitle": [Function],
  "getAllByAltText": [Function],
  "getAllByDisplayValue": [Function],
  "getAllByLabelText": [Function],
  "getAllByPlaceholderText": [Function],
  "getAllByRole": [Function],
  "getAllByTestId": [Function],
  "getAllByText": [Function],
  "getAllByTitle": [Function],
  "getByAltText": [Function],
  "getByDisplayValue": [Function],
  "getByLabelText": [Function],
  "getByPlaceholderText": [Function],
  "getByRole": [Function],
  "getByTestId": [Function],
  "getByText": [Function],
  "getByTitle": [Function],
  "queryAllByAltText": [Function],
  "queryAllByDisplayValue": [Function],
  "queryAllByLabelText": [Function],
  "queryAllByPlaceholderText": [Function],
  "queryAllByRole": [Function],
  "queryAllByTestId": [Function],
  "queryAllByText": [Function],
  "queryAllByTitle": [Function],
  "queryByAltText": [Function],
  "queryByDisplayValue": [Function],
  "queryByLabelText": [Function],
  "queryByPlaceholderText": [Function],
  "queryByRole": [Function],
  "queryByTestId": [Function],
  "queryByText": [Function],
  "queryByTitle": [Function],
  "rerender": [Function],
  "unmount": [Function],
}
`;
